// Vitest Snapshot v1, https://vitest.dev/guide/snapshot.html

exports[`agents · golden output (exact) on clean samples > Beverage Score output is unchanged 1`] = `
{
  "networkBcsScore": 83,
  "networkConsumed": 4344,
  "networkPoured": 4124,
  "networkRevenueLost": 1887.5,
  "networkShrinkPct": 0.05064456721915286,
  "networkShrinkUnits": 220,
  "perStore": [
    {
      "bcsScore": 66,
      "byCategory": [
        {
          "category": "Liquor",
          "consumed": 240,
          "poured": 180,
          "revenueLost": 570,
          "shrinkPct": 0.25,
          "shrinkUnits": 60,
        },
        {
          "category": "Beer",
          "consumed": 490,
          "poured": 450,
          "revenueLost": 190,
          "shrinkPct": 0.08163265306122448,
          "shrinkUnits": 40,
        },
        {
          "category": "Wine",
          "consumed": 108,
          "poured": 82,
          "revenueLost": 312,
          "shrinkPct": 0.24074074074074073,
          "shrinkUnits": 26,
        },
        {
          "category": "NA",
          "consumed": 395,
          "poured": 395,
          "revenueLost": 0,
          "shrinkPct": 0,
          "shrinkUnits": 0,
        },
      ],
      "consumed": 1233,
      "poured": 1107,
      "revenueLost": 1072,
      "shrinkPct": 0.10218978102189781,
      "shrinkUnits": 126,
      "store": "Highway 7",
    },
    {
      "bcsScore": 82,
      "byCategory": [
        {
          "category": "Liquor",
          "consumed": 210,
          "poured": 170,
          "revenueLost": 360,
          "shrinkPct": 0.19047619047619047,
          "shrinkUnits": 40,
        },
        {
          "category": "Beer",
          "consumed": 510,
          "poured": 495,
          "revenueLost": 67.5,
          "shrinkPct": 0.029411764705882353,
          "shrinkUnits": 15,
        },
        {
          "category": "Wine",
          "consumed": 95,
          "poured": 82,
          "revenueLost": 149.5,
          "shrinkPct": 0.1368421052631579,
          "shrinkUnits": 13,
        },
        {
          "category": "NA",
          "consumed": 420,
          "poured": 420,
          "revenueLost": 0,
          "shrinkPct": 0,
          "shrinkUnits": 0,
        },
      ],
      "consumed": 1235,
      "poured": 1167,
      "revenueLost": 577,
      "shrinkPct": 0.05506072874493927,
      "shrinkUnits": 68,
      "store": "Mall Drive",
    },
    {
      "bcsScore": 92,
      "byCategory": [
        {
          "category": "Liquor",
          "consumed": 180,
          "poured": 165,
          "revenueLost": 127.5,
          "shrinkPct": 0.08333333333333333,
          "shrinkUnits": 15,
        },
        {
          "category": "Wine",
          "consumed": 84,
          "poured": 78,
          "revenueLost": 72,
          "shrinkPct": 0.07142857142857142,
          "shrinkUnits": 6,
        },
        {
          "category": "Beer",
          "consumed": 420,
          "poured": 418,
          "revenueLost": 9,
          "shrinkPct": 0.004761904761904762,
          "shrinkUnits": 2,
        },
        {
          "category": "NA",
          "consumed": 310,
          "poured": 310,
          "revenueLost": 0,
          "shrinkPct": 0,
          "shrinkUnits": 0,
        },
      ],
      "consumed": 994,
      "poured": 971,
      "revenueLost": 208.5,
      "shrinkPct": 0.023138832997987926,
      "shrinkUnits": 23,
      "store": "Storm Lake Main",
    },
    {
      "bcsScore": 99,
      "byCategory": [
        {
          "category": "Liquor",
          "consumed": 150,
          "poured": 148,
          "revenueLost": 17.5,
          "shrinkPct": 0.013333333333333334,
          "shrinkUnits": 2,
        },
        {
          "category": "Wine",
          "consumed": 72,
          "poured": 71,
          "revenueLost": 12.5,
          "shrinkPct": 0.013888888888888888,
          "shrinkUnits": 1,
        },
        {
          "category": "Beer",
          "consumed": 380,
          "poured": 380,
          "revenueLost": 0,
          "shrinkPct": 0,
          "shrinkUnits": 0,
        },
        {
          "category": "NA",
          "consumed": 280,
          "poured": 280,
          "revenueLost": 0,
          "shrinkPct": 0,
          "shrinkUnits": 0,
        },
      ],
      "consumed": 882,
      "poured": 879,
      "revenueLost": 30,
      "shrinkPct": 0.003401360544217687,
      "shrinkUnits": 3,
      "store": "Lake Front",
    },
  ],
  "rowsParsed": 16,
  "storesCount": 4,
}
`;

exports[`agents · golden output (exact) on clean samples > Catering Leak output is unchanged 1`] = `
{
  "flaggedOrders": [
    {
      "customer": "Acme Corp",
      "eventDate": "2026-05-05",
      "gap": 400.10000000000014,
      "invoiceAmount": 2210.4,
      "orderId": "INV-1017",
      "posAmount": 1810.3,
      "store": "Highway 7",
    },
    {
      "customer": "Acme Corp",
      "eventDate": "2026-05-06",
      "gap": 400.0999999999999,
      "invoiceAmount": 3210.4,
      "orderId": "INV-1003",
      "posAmount": 2810.3,
      "store": "Storm Lake Main",
    },
    {
      "customer": "Acme Corp",
      "eventDate": "2026-05-08",
      "gap": 399.9000000000001,
      "invoiceAmount": 2810.4,
      "orderId": "INV-1010",
      "posAmount": 2410.5,
      "store": "Mall Drive",
    },
    {
      "customer": "Acme Corp",
      "eventDate": "2026-05-08",
      "gap": 330.0999999999999,
      "invoiceAmount": 2810.4,
      "orderId": "INV-1005",
      "posAmount": 2480.3,
      "store": "Storm Lake Main",
    },
    {
      "customer": "Acme Corp",
      "eventDate": "2026-05-08",
      "gap": 300.20000000000005,
      "invoiceAmount": 2110.4,
      "orderId": "INV-1020",
      "posAmount": 1810.2,
      "store": "Highway 7",
    },
  ],
  "gapRatio": 0.19705266833062812,
  "orders": 20,
  "perStore": [
    {
      "gapRatio": 0.3220789074355083,
      "orders": 5,
      "store": "Mall Drive",
      "totalGap": 3820.5,
      "totalInvoice": 11862,
      "totalPos": 8041.5,
    },
    {
      "gapRatio": 0.23169371497963956,
      "orders": 5,
      "store": "Highway 7",
      "totalGap": 3510.6000000000004,
      "totalInvoice": 15151.9,
      "totalPos": 11641.300000000001,
    },
    {
      "gapRatio": 0.1831614447160218,
      "orders": 5,
      "store": "Storm Lake Main",
      "totalGap": 2150.7,
      "totalInvoice": 11742.1,
      "totalPos": 9591.400000000001,
    },
    {
      "gapRatio": 0,
      "orders": 5,
      "store": "Lake Front",
      "totalGap": 0,
      "totalInvoice": 9362.1,
      "totalPos": 9362.1,
    },
  ],
  "rowsParsed": 20,
  "stores": [
    "Highway 7",
    "Lake Front",
    "Mall Drive",
    "Storm Lake Main",
  ],
  "topCustomerConcentration": [
    {
      "customer": "Sukup Manufacturing",
      "gapShare": 1,
      "orders": 2,
      "totalGap": 6020.8,
      "totalInvoice": 6020.8,
    },
    {
      "customer": "Acme Corp",
      "gapShare": 0.11309094939865875,
      "orders": 7,
      "totalGap": 2040.5,
      "totalInvoice": 18043,
    },
    {
      "customer": "Hagie Manufacturing",
      "gapShare": 1,
      "orders": 1,
      "totalGap": 1420.5,
      "totalInvoice": 1420.5,
    },
  ],
  "totalGap": 9481.8,
  "totalInvoice": 48118.10000000001,
  "totalPos": 38636.3,
  "unmatchedOrders": [
    {
      "customer": "Sukup Manufacturing",
      "eventDate": "2026-05-06",
      "gap": 3210.5,
      "invoiceAmount": 3210.5,
      "orderId": "INV-1008",
      "posAmount": 0,
      "store": "Mall Drive",
    },
    {
      "customer": "Sukup Manufacturing",
      "eventDate": "2026-05-07",
      "gap": 2810.3,
      "invoiceAmount": 2810.3,
      "orderId": "INV-1019",
      "posAmount": 0,
      "store": "Highway 7",
    },
    {
      "customer": "Hagie Manufacturing",
      "eventDate": "2026-05-07",
      "gap": 1420.5,
      "invoiceAmount": 1420.5,
      "orderId": "INV-1004",
      "posAmount": 0,
      "store": "Storm Lake Main",
    },
  ],
}
`;

exports[`agents · golden output (exact) on clean samples > Labor Drift output is unchanged 1`] = `
{
  "driftRatio": 0.07608695652173914,
  "employees": 7,
  "ghostShifts": [
    {
      "clockedMinutes": 370,
      "name": "Aisha Chen",
      "netSales": 0,
      "shiftStart": "2026-05-12T10:00:00Z",
      "store": "Storm Lake Main",
    },
  ],
  "perEmployee": [
    {
      "earlyClockIns": 4,
      "earlyMinutes": 85,
      "lateClockOuts": 4,
      "lateMinutes": 212,
      "name": "James Wilson",
      "shiftsRun": 4,
      "store": "Storm Lake Main",
      "totalOtMinutes": 297,
    },
    {
      "earlyClockIns": 0,
      "earlyMinutes": 0,
      "lateClockOuts": 0,
      "lateMinutes": 0,
      "name": "Aisha Chen",
      "shiftsRun": 1,
      "store": "Storm Lake Main",
      "totalOtMinutes": 10,
    },
    {
      "earlyClockIns": 0,
      "earlyMinutes": 0,
      "lateClockOuts": 0,
      "lateMinutes": 0,
      "name": "Maria Rodriguez",
      "shiftsRun": 2,
      "store": "Storm Lake Main",
      "totalOtMinutes": 8,
    },
    {
      "earlyClockIns": 0,
      "earlyMinutes": 0,
      "lateClockOuts": 0,
      "lateMinutes": 0,
      "name": "Devon Park",
      "shiftsRun": 2,
      "store": "Storm Lake Main",
      "totalOtMinutes": 0,
    },
    {
      "earlyClockIns": 0,
      "earlyMinutes": 0,
      "lateClockOuts": 0,
      "lateMinutes": 0,
      "name": "Chris Foster",
      "shiftsRun": 1,
      "store": "Mall Drive",
      "totalOtMinutes": 0,
    },
    {
      "earlyClockIns": 0,
      "earlyMinutes": 0,
      "lateClockOuts": 0,
      "lateMinutes": 0,
      "name": "Sarah Kim",
      "shiftsRun": 1,
      "store": "Mall Drive",
      "totalOtMinutes": 0,
    },
    {
      "earlyClockIns": 0,
      "earlyMinutes": 0,
      "lateClockOuts": 0,
      "lateMinutes": 0,
      "name": "Olivia Park",
      "shiftsRun": 1,
      "store": "Lake Front",
      "totalOtMinutes": 0,
    },
  ],
  "rowsParsed": 12,
  "shifts": 12,
  "stores": [
    "Lake Front",
    "Mall Drive",
    "Storm Lake Main",
  ],
  "totalDriftDollars": 111,
  "totalDriftMinutes": 315,
}
`;

exports[`agents · golden output (exact) on clean samples > Leak Detector output is unchanged 1`] = `
{
  "employees": [
    {
      "cashVoidsCount": 6,
      "compsCount": 0,
      "compsDollars": 0,
      "discountAfterCloseCount": 0,
      "discountsCount": 0,
      "discountsDollars": 0,
      "name": "James Wilson",
      "netSales": 238.39999999999998,
      "promoStackedCount": 0,
      "riskScore": 83,
      "store": "Storm Lake Main",
      "ticketsRung": 6,
      "voidAfterPaymentCount": 6,
      "voidsCount": 6,
      "voidsDollars": 238.39999999999998,
    },
    {
      "cashVoidsCount": 0,
      "compsCount": 5,
      "compsDollars": 202.5,
      "discountAfterCloseCount": 0,
      "discountsCount": 0,
      "discountsDollars": 0,
      "name": "Devon Park",
      "netSales": 244.5,
      "promoStackedCount": 0,
      "riskScore": 25,
      "store": "Storm Lake Main",
      "ticketsRung": 6,
      "voidAfterPaymentCount": 0,
      "voidsCount": 0,
      "voidsDollars": 0,
    },
    {
      "cashVoidsCount": 0,
      "compsCount": 0,
      "compsDollars": 0,
      "discountAfterCloseCount": 4,
      "discountsCount": 10,
      "discountsDollars": 35.48,
      "name": "Aisha Chen",
      "netSales": 193.5,
      "promoStackedCount": 4,
      "riskScore": 20,
      "store": "Storm Lake Main",
      "ticketsRung": 5,
      "voidAfterPaymentCount": 0,
      "voidsCount": 0,
      "voidsDollars": 0,
    },
    {
      "cashVoidsCount": 0,
      "compsCount": 0,
      "compsDollars": 0,
      "discountAfterCloseCount": 3,
      "discountsCount": 3,
      "discountsDollars": 11.5,
      "name": "Chris Foster",
      "netSales": 161.2,
      "promoStackedCount": 0,
      "riskScore": 9,
      "store": "Mall Drive",
      "ticketsRung": 4,
      "voidAfterPaymentCount": 0,
      "voidsCount": 0,
      "voidsDollars": 0,
    },
    {
      "cashVoidsCount": 0,
      "compsCount": 12,
      "compsDollars": 27,
      "discountAfterCloseCount": 0,
      "discountsCount": 0,
      "discountsDollars": 0,
      "name": "Riley Cooper",
      "netSales": 427,
      "promoStackedCount": 0,
      "riskScore": 6,
      "store": "Mall Drive",
      "ticketsRung": 12,
      "voidAfterPaymentCount": 0,
      "voidsCount": 0,
      "voidsDollars": 0,
    },
    {
      "cashVoidsCount": 0,
      "compsCount": 0,
      "compsDollars": 0,
      "discountAfterCloseCount": 0,
      "discountsCount": 0,
      "discountsDollars": 0,
      "name": "Maria Rodriguez",
      "netSales": 80.7,
      "promoStackedCount": 0,
      "riskScore": 0,
      "store": "Storm Lake Main",
      "ticketsRung": 2,
      "voidAfterPaymentCount": 0,
      "voidsCount": 0,
      "voidsDollars": 0,
    },
    {
      "cashVoidsCount": 0,
      "compsCount": 0,
      "compsDollars": 0,
      "discountAfterCloseCount": 0,
      "discountsCount": 0,
      "discountsDollars": 0,
      "name": "Sarah Kim",
      "netSales": 115.6,
      "promoStackedCount": 0,
      "riskScore": 0,
      "store": "Mall Drive",
      "ticketsRung": 3,
      "voidAfterPaymentCount": 0,
      "voidsCount": 1,
      "voidsDollars": 4.2,
    },
    {
      "cashVoidsCount": 0,
      "compsCount": 0,
      "compsDollars": 0,
      "discountAfterCloseCount": 0,
      "discountsCount": 0,
      "discountsDollars": 0,
      "name": "Diego Martinez",
      "netSales": 109,
      "promoStackedCount": 0,
      "riskScore": 0,
      "store": "Mall Drive",
      "ticketsRung": 3,
      "voidAfterPaymentCount": 0,
      "voidsCount": 0,
      "voidsDollars": 0,
    },
    {
      "cashVoidsCount": 0,
      "compsCount": 0,
      "compsDollars": 0,
      "discountAfterCloseCount": 0,
      "discountsCount": 0,
      "discountsDollars": 0,
      "name": "Olivia Park",
      "netSales": 102.9,
      "promoStackedCount": 0,
      "riskScore": 0,
      "store": "Lake Front",
      "ticketsRung": 3,
      "voidAfterPaymentCount": 0,
      "voidsCount": 0,
      "voidsDollars": 0,
    },
    {
      "cashVoidsCount": 0,
      "compsCount": 0,
      "compsDollars": 0,
      "discountAfterCloseCount": 0,
      "discountsCount": 0,
      "discountsDollars": 0,
      "name": "Tre Brown",
      "netSales": 132.89999999999998,
      "promoStackedCount": 0,
      "riskScore": 0,
      "store": "Lake Front",
      "ticketsRung": 3,
      "voidAfterPaymentCount": 0,
      "voidsCount": 0,
      "voidsDollars": 0,
    },
    {
      "cashVoidsCount": 0,
      "compsCount": 0,
      "compsDollars": 0,
      "discountAfterCloseCount": 0,
      "discountsCount": 0,
      "discountsDollars": 0,
      "name": "Mason Reyes",
      "netSales": 109,
      "promoStackedCount": 0,
      "riskScore": 0,
      "store": "Lake Front",
      "ticketsRung": 3,
      "voidAfterPaymentCount": 0,
      "voidsCount": 0,
      "voidsDollars": 0,
    },
  ],
  "networkComps": 229.5,
  "networkDiscounts": 46.98,
  "networkNet": 1914.6999999999998,
  "networkVoids": 242.59999999999997,
  "rowsParsed": 50,
  "signals": {
    "cashOnlyVoiders": [
      {
        "count": 6,
        "dollars": 238.39999999999998,
        "name": "James Wilson",
        "peerRate": 0,
        "rate": 1,
        "store": "Storm Lake Main",
      },
    ],
    "compAbuse": [
      {
        "count": 5,
        "dollars": 202.5,
        "name": "Devon Park",
        "peerRate": 0,
        "rate": 0.8282208588957055,
        "store": "Storm Lake Main",
      },
    ],
    "discountAfterClose": {
      "flagged": [
        {
          "count": 4,
          "dollars": 35.48,
          "name": "Aisha Chen",
          "peerRate": 0,
          "rate": 0.8,
          "store": "Storm Lake Main",
        },
        {
          "count": 3,
          "dollars": 11.5,
          "name": "Chris Foster",
          "peerRate": 0,
          "rate": 0.75,
          "store": "Mall Drive",
        },
      ],
      "totalCount": 7,
      "totalDollars": 43.78,
    },
    "dowVoidPatterns": [
      {
        "concentration": 1,
        "dow": "Tue",
        "name": "James Wilson",
        "store": "Storm Lake Main",
        "totalVoids": 6,
        "voidsOnDow": 6,
      },
    ],
    "microCompPatterns": [
      {
        "avgComp": 2.25,
        "compsCount": 12,
        "compsDollars": 27,
        "name": "Riley Cooper",
        "store": "Mall Drive",
      },
    ],
    "promoStacking": {
      "flagged": [
        {
          "count": 4,
          "dollars": 35.48,
          "name": "Aisha Chen",
          "peerRate": 0,
          "rate": 0.8,
          "store": "Storm Lake Main",
        },
      ],
      "totalCount": 4,
      "totalDollars": 32.28,
    },
    "voidAfterPayment": {
      "flagged": [
        {
          "count": 6,
          "dollars": 238.39999999999998,
          "name": "James Wilson",
          "peerRate": 0,
          "rate": 1,
          "store": "Storm Lake Main",
        },
      ],
      "totalCount": 6,
      "totalDollars": 238.39999999999998,
    },
  },
  "stores": [
    "Lake Front",
    "Mall Drive",
    "Storm Lake Main",
  ],
  "ticketsAnalyzed": 50,
}
`;

exports[`agents · golden output (exact) on clean samples > Tip Variance output is unchanged 1`] = `
{
  "employees": 6,
  "networkCurrTips": 11792,
  "networkPrevTips": 13542,
  "networkWoW": -0.1292275882439817,
  "perEmployee": [
    {
      "currTipDollars": 1320.5,
      "currTipRate": 0.10308191909572059,
      "deltaPp": -9.368040614342585,
      "flagged": true,
      "name": "Chris Foster",
      "prevTipDollars": 2540.3,
      "prevTipRate": 0.19676232523914644,
      "store": "Mall Drive",
    },
    {
      "currTipDollars": 1820.3,
      "currTipRate": 0.15399648066055294,
      "deltaPp": -4.670624949606264,
      "flagged": true,
      "name": "James Wilson",
      "prevTipDollars": 2410.5,
      "prevTipRate": 0.20070273015661558,
      "store": "Storm Lake Main",
    },
    {
      "currTipDollars": 1910.2,
      "currTipRate": 0.1852728366084072,
      "deltaPp": -0.11062998403704727,
      "flagged": false,
      "name": "Devon Park",
      "prevTipDollars": 1940.3,
      "prevTipRate": 0.18637913644877768,
      "store": "Storm Lake Main",
    },
    {
      "currTipDollars": 2340.5,
      "currTipRate": 0.19326683291770572,
      "deltaPp": -0.0763390636684208,
      "flagged": false,
      "name": "Sarah Kim",
      "prevTipDollars": 2330.4,
      "prevTipRate": 0.19403022355438992,
      "store": "Mall Drive",
    },
    {
      "currTipDollars": 2380.3,
      "currTipRate": 0.19655007266481703,
      "deltaPp": 0.11066406030250386,
      "flagged": false,
      "name": "Maria Rodriguez",
      "prevTipDollars": 2310.2,
      "prevTipRate": 0.195443432061792,
      "store": "Storm Lake Main",
    },
    {
      "currTipDollars": 2020.2,
      "currTipRate": 0.19594188279567806,
      "deltaPp": 0.28387657503872454,
      "flagged": false,
      "name": "Olivia Park",
      "prevTipDollars": 2010.3,
      "prevTipRate": 0.19310311704529082,
      "store": "Lake Front",
    },
  ],
  "rowsParsed": 18,
  "weeks": [
    "2026-W19",
    "2026-W20",
    "2026-W21",
  ],
}
`;

exports[`agents · golden output (exact) on clean samples > Vendor Drift output is unchanged 1`] = `
{
  "currPeriod": "2026-05",
  "flaggedSkus": 6,
  "perSku": [
    {
      "category": "Dry",
      "currPeriod": "2026-05",
      "currPrice": 21.45,
      "driftDollars": 3.349999999999998,
      "driftPct": 0.18508287292817666,
      "flagged": true,
      "prevPeriod": "2026-04",
      "prevPrice": 18.1,
      "sku": "Pasta Penne Rigate 2/10 LB",
      "vendor": "PFG",
    },
    {
      "category": "Dry",
      "currPeriod": "2026-05",
      "currPrice": 79.2,
      "driftDollars": 10.799999999999997,
      "driftPct": 0.1578947368421052,
      "flagged": true,
      "prevPeriod": "2026-04",
      "prevPrice": 68.4,
      "sku": "Olive Oil Pure 4/1 GAL",
      "vendor": "PFG",
    },
    {
      "category": "Bar",
      "currPeriod": "2026-05",
      "currPrice": 46.75,
      "driftDollars": 4.25,
      "driftPct": 0.1,
      "flagged": true,
      "prevPeriod": "2026-04",
      "prevPrice": 42.5,
      "sku": "Premium Cocktail Mix Asst",
      "vendor": "Northern Lights",
    },
    {
      "category": "Cheese",
      "currPeriod": "2026-05",
      "currPrice": 2.37,
      "driftDollars": 0.16000000000000014,
      "driftPct": 0.07239819004524893,
      "flagged": true,
      "prevPeriod": "2026-04",
      "prevPrice": 2.21,
      "sku": "Mozzarella LMPS 6/5 LB",
      "vendor": "PFG",
    },
    {
      "category": "Eggs",
      "currPeriod": "2026-05",
      "currPrice": 23.95,
      "driftDollars": 1.4499999999999993,
      "driftPct": 0.06444444444444442,
      "flagged": true,
      "prevPeriod": "2026-04",
      "prevPrice": 22.5,
      "sku": "Eggs Large Grade A 15DZ",
      "vendor": "Sysco",
    },
    {
      "category": "Produce",
      "currPeriod": "2026-05",
      "currPrice": 37.07,
      "driftDollars": 1.8699999999999974,
      "driftPct": 0.05312499999999992,
      "flagged": true,
      "prevPeriod": "2026-04",
      "prevPrice": 35.2,
      "sku": "Fries Straight Cut 3/8 6/5 LB",
      "vendor": "Sysco",
    },
    {
      "category": "Eggs",
      "currPeriod": "2026-05",
      "currPrice": 18.57,
      "driftDollars": 0.620000000000001,
      "driftPct": 0.034540389972144904,
      "flagged": false,
      "prevPeriod": "2026-04",
      "prevPrice": 17.95,
      "sku": "Eggs Large Grade A 15DZ",
      "vendor": "PFG",
    },
    {
      "category": "Specialty",
      "currPeriod": "2026-05",
      "currPrice": 13.38,
      "driftDollars": 0.4300000000000015,
      "driftPct": 0.03320463320463332,
      "flagged": false,
      "prevPeriod": "2026-04",
      "prevPrice": 12.95,
      "sku": "Honey Packer R4910 6/5 LB",
      "vendor": "PFG",
    },
    {
      "category": "Canned",
      "currPeriod": "2026-05",
      "currPrice": 32.95,
      "driftDollars": 0.15000000000000568,
      "driftPct": 0.004573170731707491,
      "flagged": false,
      "prevPeriod": "2026-04",
      "prevPrice": 32.8,
      "sku": "Tomato Crushed 6/10 CN",
      "vendor": "PFG",
    },
    {
      "category": "Cheese",
      "currPeriod": "2026-05",
      "currPrice": 1.96,
      "driftDollars": 0,
      "driftPct": 0,
      "flagged": false,
      "prevPeriod": "2026-04",
      "prevPrice": 1.96,
      "sku": "Mozzarella LMPS 6/5 LB",
      "vendor": "Sysco",
    },
    {
      "category": "Produce",
      "currPeriod": "2026-05",
      "currPrice": 28.5,
      "driftDollars": 0,
      "driftPct": 0,
      "flagged": false,
      "prevPeriod": "2026-04",
      "prevPrice": 28.5,
      "sku": "Fries Straight Cut 3/8 6/5 LB",
      "vendor": "PFG",
    },
    {
      "category": "Dry",
      "currPeriod": "2026-05",
      "currPrice": 19.5,
      "driftDollars": 0,
      "driftPct": 0,
      "flagged": false,
      "prevPeriod": "2026-04",
      "prevPrice": 19.5,
      "sku": "Pasta Penne Rigate 2/10 LB",
      "vendor": "Sysco",
    },
  ],
  "periodsCount": 2,
  "prevPeriod": "2026-04",
  "rowsParsed": 24,
  "totalDriftDollars": 23.08,
  "totalSkus": 12,
  "vendors": [
    "Northern Lights",
    "PFG",
    "Sysco",
  ],
}
`;

exports[`agents · golden output (exact) on clean samples > Void Hunter output is unchanged 1`] = `
{
  "employees": [
    {
      "flagged": true,
      "name": "Chris Foster",
      "net": 58210.3,
      "store": "Mall Drive",
      "voidAmount": 5210.4,
      "voidRate": 0.08950993209105604,
    },
    {
      "flagged": true,
      "name": "James Wilson",
      "net": 52914.8,
      "store": "Storm Lake Main",
      "voidAmount": 3820.5,
      "voidRate": 0.0722009721287806,
    },
    {
      "flagged": false,
      "name": "Tre Brown",
      "net": 45210.4,
      "store": "Lake Front",
      "voidAmount": 240.1,
      "voidRate": 0.005310724965937041,
    },
    {
      "flagged": false,
      "name": "Andre Walker",
      "net": 48310.2,
      "store": "Highway 7",
      "voidAmount": 220.5,
      "voidRate": 0.004564253511680764,
    },
    {
      "flagged": false,
      "name": "Sarah Kim",
      "net": 42810.5,
      "store": "Mall Drive",
      "voidAmount": 220.3,
      "voidRate": 0.005145933824645823,
    },
    {
      "flagged": false,
      "name": "Devon Park",
      "net": 38402.1,
      "store": "Storm Lake Main",
      "voidAmount": 210,
      "voidRate": 0.005468450944088995,
    },
    {
      "flagged": false,
      "name": "Diego Martinez",
      "net": 38420.1,
      "store": "Mall Drive",
      "voidAmount": 185.4,
      "voidRate": 0.004825599100470848,
    },
    {
      "flagged": false,
      "name": "Maria Rodriguez",
      "net": 48231.5,
      "store": "Storm Lake Main",
      "voidAmount": 182.25,
      "voidRate": 0.003778650881685206,
    },
    {
      "flagged": false,
      "name": "Trinity Patel",
      "net": 36210.5,
      "store": "Highway 7",
      "voidAmount": 170.4,
      "voidRate": 0.004705817373413789,
    },
    {
      "flagged": false,
      "name": "Lily Tran",
      "net": 42810.3,
      "store": "Highway 7",
      "voidAmount": 165.3,
      "voidRate": 0.0038612203138029865,
    },
    {
      "flagged": false,
      "name": "Aisha Chen",
      "net": 41202.85,
      "store": "Storm Lake Main",
      "voidAmount": 155.3,
      "voidRate": 0.0037691567452251486,
    },
    {
      "flagged": false,
      "name": "Bryce Carter",
      "net": 31810.4,
      "store": "Mall Drive",
      "voidAmount": 140.2,
      "voidRate": 0.0044073636295048155,
    },
    {
      "flagged": false,
      "name": "Maria Rodriguez",
      "net": 39180.2,
      "store": "Lake Front",
      "voidAmount": 132.5,
      "voidRate": 0.0033818102000500254,
    },
    {
      "flagged": false,
      "name": "Mason Reyes",
      "net": 32120.5,
      "store": "Lake Front",
      "voidAmount": 120,
      "voidRate": 0.003735931881508694,
    },
    {
      "flagged": false,
      "name": "Olivia Park",
      "net": 28910.2,
      "store": "Lake Front",
      "voidAmount": 98.4,
      "voidRate": 0.0034036430048910073,
    },
  ],
  "medianStoreVoidRate": 0.014267113738476025,
  "networkNet": 624754.85,
  "networkVoidRate": 0.018041556620168694,
  "networkVoids": 11271.55,
  "rowsParsed": 15,
  "stores": [
    {
      "excessYr": 9939,
      "flagged": true,
      "name": "Mall Drive",
      "net": 171251.3,
      "voidRate": 0.033613175491222544,
      "voids": 5756.299999999999,
    },
    {
      "excessYr": 5368,
      "flagged": true,
      "name": "Storm Lake Main",
      "net": 180751.25,
      "voidRate": 0.02416608460522403,
      "voids": 4368.05,
    },
    {
      "excessYr": 0,
      "flagged": false,
      "name": "Highway 7",
      "net": 127331,
      "voidRate": 0.004368142871728016,
      "voids": 556.2,
    },
    {
      "excessYr": 0,
      "flagged": false,
      "name": "Lake Front",
      "net": 145421.3,
      "voidRate": 0.004064053890317306,
      "voids": 591,
    },
  ],
  "storesFlagged": 2,
}
`;
